[INFO] Scanning for projects...
[INFO] 
[INFO] ------------------< com.ecommerce:ecommerce-backend >-------------------
[INFO] Building ecommerce-backend 0.0.1-SNAPSHOT
[INFO]   from pom.xml
[INFO] --------------------------------[ jar ]---------------------------------
[INFO] 
[INFO] --- clean:3.5.0:clean (default-clean) @ ecommerce-backend ---
[INFO] Deleting D:\ecommerce\ecommerce-backend\target
[INFO] 
[INFO] --- resources:3.3.1:resources (default-resources) @ ecommerce-backend ---
[INFO] Copying 1 resource from src\main\resources to target\classes
[INFO] Copying 1 resource from src\main\resources to target\classes
[INFO] 
[INFO] --- compiler:3.14.1:compile (default-compile) @ ecommerce-backend ---
[INFO] Recompiling the module because of changed source code.
[INFO] Compiling 155 source files with javac [debug parameters release 21] to target\classes
[INFO] -------------------------------------------------------------
[WARNING] COMPILATION WARNING : 
[INFO] -------------------------------------------------------------
[WARNING] /D:/ecommerce/ecommerce-backend/src/main/java/com/ecommerce/ecommercebackend/Category/entity/Category.java:[44,28] @Builder will ignore the initializing expression entirely. If you want the initializing expression to serve as default, add @Builder.Default. If it is not supposed to be settable during building, make the field final.
[WARNING] /D:/ecommerce/ecommerce-backend/src/main/java/com/ecommerce/ecommercebackend/Category/entity/Category.java:[47,27] @Builder will ignore the initializing expression entirely. If you want the initializing expression to serve as default, add @Builder.Default. If it is not supposed to be settable during building, make the field final.
[WARNING] /D:/ecommerce/ecommerce-backend/src/main/java/com/ecommerce/ecommercebackend/entity/Users.java:[49,21] @Builder will ignore the initializing expression entirely. If you want the initializing expression to serve as default, add @Builder.Default. If it is not supposed to be settable during building, make the field final.
[WARNING] /D:/ecommerce/ecommerce-backend/src/main/java/com/ecommerce/ecommercebackend/entity/Users.java:[52,21] @Builder will ignore the initializing expression entirely. If you want the initializing expression to serve as default, add @Builder.Default. If it is not supposed to be settable during building, make the field final.
[WARNING] /D:/ecommerce/ecommerce-backend/src/main/java/com/ecommerce/ecommercebackend/payment/entity/Payment.java:[37,20] @Builder will ignore the initializing expression entirely. If you want the initializing expression to serve as default, add @Builder.Default. If it is not supposed to be settable during building, make the field final.
[WARNING] /D:/ecommerce/ecommerce-backend/src/main/java/com/ecommerce/ecommercebackend/payment/entity/Payment.java:[39,28] @Builder will ignore the initializing expression entirely. If you want the initializing expression to serve as default, add @Builder.Default. If it is not supposed to be settable during building, make the field final.
[WARNING] /D:/ecommerce/ecommerce-backend/src/main/java/com/ecommerce/ecommercebackend/seller/entity/SellerRequest.java:[38,33] @Builder will ignore the initializing expression entirely. If you want the initializing expression to serve as default, add @Builder.Default. If it is not supposed to be settable during building, make the field final.
[WARNING] /D:/ecommerce/ecommerce-backend/src/main/java/com/ecommerce/ecommercebackend/address/entity/Address.java:[45,21] @Builder will ignore the initializing expression entirely. If you want the initializing expression to serve as default, add @Builder.Default. If it is not supposed to be settable during building, make the field final.
[WARNING] /D:/ecommerce/ecommerce-backend/src/main/java/com/ecommerce/ecommercebackend/Cart/entity/Cart.java:[29,28] @Builder will ignore the initializing expression entirely. If you want the initializing expression to serve as default, add @Builder.Default. If it is not supposed to be settable during building, make the field final.
[WARNING] /D:/ecommerce/ecommerce-backend/src/main/java/com/ecommerce/ecommercebackend/Wishlist/entity/Wishlist.java:[32,27] @Builder will ignore the initializing expression entirely. If you want the initializing expression to serve as default, add @Builder.Default. If it is not supposed to be settable during building, make the field final.
[WARNING] /D:/ecommerce/ecommerce-backend/src/main/java/com/ecommerce/ecommercebackend/Order/entity/Order.java:[31,24] @Builder will ignore the initializing expression entirely. If you want the initializing expression to serve as default, add @Builder.Default. If it is not supposed to be settable during building, make the field final.
[WARNING] /D:/ecommerce/ecommerce-backend/src/main/java/com/ecommerce/ecommercebackend/Order/entity/Order.java:[35,25] @Builder will ignore the initializing expression entirely. If you want the initializing expression to serve as default, add @Builder.Default. If it is not supposed to be settable during building, make the field final.
[WARNING] /D:/ecommerce/ecommerce-backend/src/main/java/com/ecommerce/ecommercebackend/Order/entity/Order.java:[40,27] @Builder will ignore the initializing expression entirely. If you want the initializing expression to serve as default, add @Builder.Default. If it is not supposed to be settable during building, make the field final.
[WARNING] /D:/ecommerce/ecommerce-backend/src/main/java/com/ecommerce/ecommercebackend/Order/entity/Order.java:[41,27] @Builder will ignore the initializing expression entirely. If you want the initializing expression to serve as default, add @Builder.Default. If it is not supposed to be settable during building, make the field final.
[WARNING] /D:/ecommerce/ecommerce-backend/src/main/java/com/ecommerce/ecommercebackend/Product/entity/Product.java:[47,21] @Builder will ignore the initializing expression entirely. If you want the initializing expression to serve as default, add @Builder.Default. If it is not supposed to be settable during building, make the field final.
[INFO] 15 warnings 
[INFO] -------------------------------------------------------------
[INFO] -------------------------------------------------------------
[ERROR] COMPILATION ERROR : 
[INFO] -------------------------------------------------------------
[ERROR] /D:/ecommerce/ecommerce-backend/src/main/java/com/ecommerce/ecommercebackend/ai/service/AiService.java:[4,38] package com.fasterxml.jackson.databind does not exist
[ERROR] /D:/ecommerce/ecommerce-backend/src/main/java/com/ecommerce/ecommercebackend/ai/service/AiService.java:[21,19] cannot find symbol
  symbol:   class ObjectMapper
  location: class com.ecommerce.ecommercebackend.ai.service.AiService
[ERROR] /D:/ecommerce/ecommerce-backend/src/main/java/com/ecommerce/ecommercebackend/ai/service/AiService.java:[17,1] cannot find symbol
  symbol:   class ObjectMapper
  location: class com.ecommerce.ecommercebackend.ai.service.AiService
[INFO] 3 errors 
[INFO] -------------------------------------------------------------
[INFO] ------------------------------------------------------------------------
[INFO] BUILD FAILURE
[INFO] ------------------------------------------------------------------------
[INFO] Total time:  14.194 s
[INFO] Finished at: 2026-04-01T11:08:20+05:30
[INFO] ------------------------------------------------------------------------
[ERROR] Failed to execute goal org.apache.maven.plugins:maven-compiler-plugin:3.14.1:compile (default-compile) on project ecommerce-backend: Compilation failure: Compilation failure: 
[ERROR] /D:/ecommerce/ecommerce-backend/src/main/java/com/ecommerce/ecommercebackend/ai/service/AiService.java:[4,38] package com.fasterxml.jackson.databind does not exist
[ERROR] /D:/ecommerce/ecommerce-backend/src/main/java/com/ecommerce/ecommercebackend/ai/service/AiService.java:[21,19] cannot find symbol
[ERROR]   symbol:   class ObjectMapper
[ERROR]   location: class com.ecommerce.ecommercebackend.ai.service.AiService
[ERROR] /D:/ecommerce/ecommerce-backend/src/main/java/com/ecommerce/ecommercebackend/ai/service/AiService.java:[17,1] cannot find symbol
[ERROR]   symbol:   class ObjectMapper
[ERROR]   location: class com.ecommerce.ecommercebackend.ai.service.AiService
[ERROR] -> [Help 1]
[ERROR] 
[ERROR] To see the full stack trace of the errors, re-run Maven with the -e switch.
[ERROR] Re-run Maven using the -X switch to enable full debug logging.
[ERROR] 
[ERROR] For more information about the errors and possible solutions, please read the following articles:
[ERROR] [Help 1] http://cwiki.apache.org/confluence/display/MAVEN/MojoFailureException
