[INFO] Scanning for projects...
[INFO] 
[INFO] ------------------< com.ecommerce:ecommerce-backend >-------------------
[INFO] Building ecommerce-backend 0.0.1-SNAPSHOT
[INFO]   from pom.xml
[INFO] --------------------------------[ jar ]---------------------------------
[INFO] 
[INFO] --- resources:3.3.1:resources (default-resources) @ ecommerce-backend ---
[INFO] Copying 1 resource from src\main\resources to target\classes
[INFO] Copying 1 resource from src\main\resources to target\classes
[INFO] 
[INFO] --- compiler:3.14.1:compile (default-compile) @ ecommerce-backend ---
[INFO] Recompiling the module because of changed source code.
[INFO] Compiling 160 source files with javac [debug parameters release 21] to target\classes
[INFO] /D:/ecommerce/ecommerce-backend/src/main/java/com/ecommerce/ecommercebackend/auth/service/Impl/JWTserviceImpl.java: D:\ecommerce\ecommerce-backend\src\main\java\com\ecommerce\ecommercebackend\auth\service\Impl\JWTserviceImpl.java uses or overrides a deprecated API.
[INFO] /D:/ecommerce/ecommerce-backend/src/main/java/com/ecommerce/ecommercebackend/auth/service/Impl/JWTserviceImpl.java: Recompile with -Xlint:deprecation for details.
[INFO] /D:/ecommerce/ecommerce-backend/src/main/java/com/ecommerce/ecommercebackend/auth/service/Impl/JWTserviceImpl.java: D:\ecommerce\ecommerce-backend\src\main\java\com\ecommerce\ecommercebackend\auth\service\Impl\JWTserviceImpl.java uses unchecked or unsafe operations.
[INFO] /D:/ecommerce/ecommerce-backend/src/main/java/com/ecommerce/ecommercebackend/auth/service/Impl/JWTserviceImpl.java: Recompile with -Xlint:unchecked for details.
[INFO] -------------------------------------------------------------
[WARNING] COMPILATION WARNING : 
[INFO] -------------------------------------------------------------
[WARNING] /D:/ecommerce/ecommerce-backend/src/main/java/com/ecommerce/ecommercebackend/Product/entity/Product.java:[50,21] @Builder will ignore the initializing expression entirely. If you want the initializing expression to serve as default, add @Builder.Default. If it is not supposed to be settable during building, make the field final.
[WARNING] /D:/ecommerce/ecommerce-backend/src/main/java/com/ecommerce/ecommercebackend/Cart/entity/Cart.java:[29,28] @Builder will ignore the initializing expression entirely. If you want the initializing expression to serve as default, add @Builder.Default. If it is not supposed to be settable during building, make the field final.
[WARNING] /D:/ecommerce/ecommerce-backend/src/main/java/com/ecommerce/ecommercebackend/payment/entity/Payment.java:[37,20] @Builder will ignore the initializing expression entirely. If you want the initializing expression to serve as default, add @Builder.Default. If it is not supposed to be settable during building, make the field final.
[WARNING] /D:/ecommerce/ecommerce-backend/src/main/java/com/ecommerce/ecommercebackend/payment/entity/Payment.java:[39,28] @Builder will ignore the initializing expression entirely. If you want the initializing expression to serve as default, add @Builder.Default. If it is not supposed to be settable during building, make the field final.
[WARNING] /D:/ecommerce/ecommerce-backend/src/main/java/com/ecommerce/ecommercebackend/seller/entity/SellerRequest.java:[38,33] @Builder will ignore the initializing expression entirely. If you want the initializing expression to serve as default, add @Builder.Default. If it is not supposed to be settable during building, make the field final.
[WARNING] /D:/ecommerce/ecommerce-backend/src/main/java/com/ecommerce/ecommercebackend/Order/entity/Order.java:[31,24] @Builder will ignore the initializing expression entirely. If you want the initializing expression to serve as default, add @Builder.Default. If it is not supposed to be settable during building, make the field final.
[WARNING] /D:/ecommerce/ecommerce-backend/src/main/java/com/ecommerce/ecommercebackend/Order/entity/Order.java:[35,25] @Builder will ignore the initializing expression entirely. If you want the initializing expression to serve as default, add @Builder.Default. If it is not supposed to be settable during building, make the field final.
[WARNING] /D:/ecommerce/ecommerce-backend/src/main/java/com/ecommerce/ecommercebackend/Order/entity/Order.java:[40,27] @Builder will ignore the initializing expression entirely. If you want the initializing expression to serve as default, add @Builder.Default. If it is not supposed to be settable during building, make the field final.
[WARNING] /D:/ecommerce/ecommerce-backend/src/main/java/com/ecommerce/ecommercebackend/Order/entity/Order.java:[41,27] @Builder will ignore the initializing expression entirely. If you want the initializing expression to serve as default, add @Builder.Default. If it is not supposed to be settable during building, make the field final.
[WARNING] /D:/ecommerce/ecommerce-backend/src/main/java/com/ecommerce/ecommercebackend/Wishlist/entity/Wishlist.java:[32,27] @Builder will ignore the initializing expression entirely. If you want the initializing expression to serve as default, add @Builder.Default. If it is not supposed to be settable during building, make the field final.
[WARNING] /D:/ecommerce/ecommerce-backend/src/main/java/com/ecommerce/ecommercebackend/entity/Users.java:[49,21] @Builder will ignore the initializing expression entirely. If you want the initializing expression to serve as default, add @Builder.Default. If it is not supposed to be settable during building, make the field final.
[WARNING] /D:/ecommerce/ecommerce-backend/src/main/java/com/ecommerce/ecommercebackend/entity/Users.java:[52,21] @Builder will ignore the initializing expression entirely. If you want the initializing expression to serve as default, add @Builder.Default. If it is not supposed to be settable during building, make the field final.
[WARNING] /D:/ecommerce/ecommerce-backend/src/main/java/com/ecommerce/ecommercebackend/address/entity/Address.java:[45,21] @Builder will ignore the initializing expression entirely. If you want the initializing expression to serve as default, add @Builder.Default. If it is not supposed to be settable during building, make the field final.
[INFO] 13 warnings 
[INFO] -------------------------------------------------------------
[INFO] -------------------------------------------------------------
[ERROR] COMPILATION ERROR : 
[INFO] -------------------------------------------------------------
[ERROR] /D:/ecommerce/ecommerce-backend/src/main/java/com/ecommerce/ecommercebackend/Cart/service/Impl/CartServiceImpl.java:[260,34] cannot find symbol
  symbol:   method getProduct()
  location: variable i of type capture#1 of ? extends java.lang.Object
[ERROR] /D:/ecommerce/ecommerce-backend/src/main/java/com/ecommerce/ecommercebackend/Cart/service/Impl/CartServiceImpl.java:[275,40] cannot find symbol
  symbol:   method getQuantity()
  location: variable i of type capture#1 of ? extends java.lang.Object
[ERROR] /D:/ecommerce/ecommerce-backend/src/main/java/com/ecommerce/ecommercebackend/Cart/service/Impl/CartServiceImpl.java:[278,27] incompatible types: inference variable T has incompatible bounds
    equality constraints: com.ecommerce.ecommercebackend.Cart.dto.CartItemResponse
    lower bounds: java.lang.Object
[INFO] 3 errors 
[INFO] -------------------------------------------------------------
[INFO] ------------------------------------------------------------------------
[INFO] BUILD FAILURE
[INFO] ------------------------------------------------------------------------
[INFO] Total time:  11.977 s
[INFO] Finished at: 2026-04-02T13:19:15+05:30
[INFO] ------------------------------------------------------------------------
[ERROR] Failed to execute goal org.apache.maven.plugins:maven-compiler-plugin:3.14.1:compile (default-compile) on project ecommerce-backend: Compilation failure: Compilation failure: 
[ERROR] /D:/ecommerce/ecommerce-backend/src/main/java/com/ecommerce/ecommercebackend/Cart/service/Impl/CartServiceImpl.java:[260,34] cannot find symbol
[ERROR]   symbol:   method getProduct()
[ERROR]   location: variable i of type capture#1 of ? extends java.lang.Object
[ERROR] /D:/ecommerce/ecommerce-backend/src/main/java/com/ecommerce/ecommercebackend/Cart/service/Impl/CartServiceImpl.java:[275,40] cannot find symbol
[ERROR]   symbol:   method getQuantity()
[ERROR]   location: variable i of type capture#1 of ? extends java.lang.Object
[ERROR] /D:/ecommerce/ecommerce-backend/src/main/java/com/ecommerce/ecommercebackend/Cart/service/Impl/CartServiceImpl.java:[278,27] incompatible types: inference variable T has incompatible bounds
[ERROR]     equality constraints: com.ecommerce.ecommercebackend.Cart.dto.CartItemResponse
[ERROR]     lower bounds: java.lang.Object
[ERROR] -> [Help 1]
[ERROR] 
[ERROR] To see the full stack trace of the errors, re-run Maven with the -e switch.
[ERROR] Re-run Maven using the -X switch to enable full debug logging.
[ERROR] 
[ERROR] For more information about the errors and possible solutions, please read the following articles:
[ERROR] [Help 1] http://cwiki.apache.org/confluence/display/MAVEN/MojoFailureException
